/*
 * Copyright (C) 2007-2008 Artima, Inc. All rights reserved.
 *
 * Licensed under the Apache License, Version 2.0 (the "License");
 * you may not use this file except in compliance with the License.
 * You may obtain a copy of the License at
 *
 *     http://www.apache.org/licenses/LICENSE-2.0
 *
 * Unless required by applicable law or agreed to in writing, software
 * distributed under the License is distributed on an "AS IS" BASIS,
 * WITHOUT WARRANTIES OR CONDITIONS OF ANY KIND, either express or implied.
 * See the License for the specific language governing permissions and
 * limitations under the License.
 *
 * Automatically generated Scala interpreter transcript from:
 *
 * Programming in Scala (First Edition, Version 6)
 * by Martin Odersky, Lex Spoon, Bill Venners
 *
 * http://booksites.artima.com/programming_in_scala
 */


scala> new Int
<console>:5: error: class Int is abstract; cannot be instantiated
       new Int
       ^

scala> 42.toString
res1: java.lang.String = 42

scala> 42.hashCode
res2: Int = 42

scala> 42 equals 42
res3: Boolean = true

scala> 42 max 43
res4: Int = 43

scala> 42 min 43
res5: Int = 42

scala> 1 until 5
res6: Range = Range(1, 2, 3, 4)

scala> 1 to 5
res7: Range.Inclusive = Range(1, 2, 3, 4, 5)

scala> 3.abs
res8: Int = 3

scala> (-3).abs
res9: Int = 3

scala> def isEqual(x: Int, y: Int) = x == y
isEqual: (Int,Int)Boolean

scala> isEqual(421, 421)
res10: Boolean = true

scala> def isEqual(x: Any, y: Any) = x == y
isEqual: (Any,Any)Boolean

scala> isEqual(421, 421)
res11: Boolean = true

scala> val x = "abcd".substring(2)
x: java.lang.String = cd

scala> val y = "abcd".substring(2)
y: java.lang.String = cd

scala> x == y
res12: Boolean = true

scala> val x = new String("abc")
x: java.lang.String = abc

scala> val y = new String("abc")
y: java.lang.String = abc

scala> x == y
res13: Boolean = true

scala> x eq y
res14: Boolean = false

scala> x ne y
res15: Boolean = true

scala> val i: Int = null
<console>:4: error: type mismatch;
 found   : Null(null)
 required: Int
       val i: Int = null
                    ^

